[main] starting (only_bucket=c3-L0-single-file, summarize_only=False)
[main] catalog history ready
[main] metadata validated
[run_groups] buckets=['c3-L0-single-file'] concurrency=4
[run_groups] sandbox pool ready
[c3-L0-single-file] checkpoint OK (0 groups), resuming at group 1/200
[c3-L0-single-file] evaluating group 1/200 repo=slot_planner...
c3-L0-single-file 1/200 K=0 infra_ok=True
[c3-L0-single-file] evaluating group 2/200 repo=metric_aggregator...
c3-L0-single-file 2/200 K=0 infra_ok=True
[c3-L0-single-file] evaluating group 3/200 repo=task_scheduler...
c3-L0-single-file 3/200 K=0 infra_ok=True
[c3-L0-single-file] evaluating group 4/200 repo=route_graph...
c3-L0-single-file 4/200 K=0 infra_ok=True
[c3-L0-single-file] evaluating group 5/200 repo=record_index...
c3-L0-single-file 5/200 K=0 infra_ok=True
[c3-L0-single-file] evaluating group 6/200 repo=record_index...
c3-L0-single-file 6/200 K=0 infra_ok=True
[c3-L0-single-file] evaluating group 7/200 repo=record_index...
c3-L0-single-file 7/200 K=0 infra_ok=True
[c3-L0-single-file] evaluating group 8/200 repo=record_index...
c3-L0-single-file 8/200 K=0 infra_ok=True
[c3-L0-single-file] evaluating group 9/200 repo=slot_planner...
c3-L0-single-file 9/200 K=1 infra_ok=True
[c3-L0-single-file] evaluating group 10/200 repo=route_graph...
c3-L0-single-file 10/200 K=0 infra_ok=True
[c3-L0-single-file] evaluating group 11/200 repo=record_index...
c3-L0-single-file 11/200 K=0 infra_ok=True
[c3-L0-single-file] evaluating group 12/200 repo=task_scheduler...
c3-L0-single-file 12/200 K=0 infra_ok=True
[c3-L0-single-file] evaluating group 13/200 repo=stock_reservations...
c3-L0-single-file 13/200 K=0 infra_ok=True
[c3-L0-single-file] evaluating group 14/200 repo=route_graph...
c3-L0-single-file 14/200 K=0 infra_ok=True
[c3-L0-single-file] evaluating group 15/200 repo=slot_planner...
c3-L0-single-file 15/200 K=0 infra_ok=True
[c3-L0-single-file] evaluating group 16/200 repo=metric_aggregator...
c3-L0-single-file 16/200 K=0 infra_ok=True
[c3-L0-single-file] evaluating group 17/200 repo=metric_aggregator...
c3-L0-single-file 17/200 K=0 infra_ok=True
[c3-L0-single-file] evaluating group 18/200 repo=slot_planner...
c3-L0-single-file 18/200 K=0 infra_ok=True
[c3-L0-single-file] evaluating group 19/200 repo=metric_aggregator...
c3-L0-single-file 19/200 K=0 infra_ok=True
[c3-L0-single-file] evaluating group 20/200 repo=metric_aggregator...
c3-L0-single-file 20/200 K=0 infra_ok=True
[c3-L0-single-file] evaluating group 21/200 repo=route_graph...
c3-L0-single-file 21/200 K=0 infra_ok=True
[c3-L0-single-file] evaluating group 22/200 repo=route_graph...
c3-L0-single-file 22/200 K=1 infra_ok=True
[c3-L0-single-file] evaluating group 23/200 repo=config_parser...
c3-L0-single-file 23/200 K=0 infra_ok=True
[c3-L0-single-file] evaluating group 24/200 repo=route_graph...
c3-L0-single-file 24/200 K=0 infra_ok=True
[c3-L0-single-file] evaluating group 25/200 repo=config_parser...
c3-L0-single-file 25/200 K=0 infra_ok=True
[c3-L0-single-file] evaluating group 26/200 repo=task_scheduler...
c3-L0-single-file 26/200 K=0 infra_ok=True
[c3-L0-single-file] evaluating group 27/200 repo=record_index...
c3-L0-single-file 27/200 K=0 infra_ok=True
[c3-L0-single-file] evaluating group 28/200 repo=slot_planner...
c3-L0-single-file 28/200 K=0 infra_ok=True
[c3-L0-single-file] evaluating group 29/200 repo=config_parser...
c3-L0-single-file 29/200 K=0 infra_ok=True
[c3-L0-single-file] evaluating group 30/200 repo=route_graph...
c3-L0-single-file 30/200 K=0 infra_ok=True
[c3-L0-single-file] evaluating group 31/200 repo=config_parser...
c3-L0-single-file 31/200 K=0 infra_ok=True
[c3-L0-single-file] evaluating group 32/200 repo=config_parser...
c3-L0-single-file 32/200 K=0 infra_ok=True
[c3-L0-single-file] evaluating group 33/200 repo=stock_reservations...
c3-L0-single-file 33/200 K=0 infra_ok=True
[c3-L0-single-file] evaluating group 34/200 repo=slot_planner...
c3-L0-single-file 34/200 K=0 infra_ok=True
[c3-L0-single-file] evaluating group 35/200 repo=route_graph...
c3-L0-single-file 35/200 K=0 infra_ok=True
[c3-L0-single-file] evaluating group 36/200 repo=record_index...
c3-L0-single-file 36/200 K=0 infra_ok=True
[c3-L0-single-file] evaluating group 37/200 repo=stock_reservations...
c3-L0-single-file 37/200 K=0 infra_ok=True
[c3-L0-single-file] evaluating group 38/200 repo=config_parser...
c3-L0-single-file 38/200 K=0 infra_ok=True
[c3-L0-single-file] evaluating group 39/200 repo=stock_reservations...
c3-L0-single-file 39/200 K=0 infra_ok=True
[c3-L0-single-file] evaluating group 40/200 repo=config_parser...
c3-L0-single-file 40/200 K=0 infra_ok=True
[c3-L0-single-file] evaluating group 41/200 repo=record_index...
c3-L0-single-file 41/200 K=0 infra_ok=True
[c3-L0-single-file] evaluating group 42/200 repo=metric_aggregator...
c3-L0-single-file 42/200 K=2 infra_ok=True
[c3-L0-single-file] evaluating group 43/200 repo=metric_aggregator...
c3-L0-single-file 43/200 K=1 infra_ok=True
[c3-L0-single-file] evaluating group 44/200 repo=stock_reservations...
c3-L0-single-file 44/200 K=0 infra_ok=True
[c3-L0-single-file] evaluating group 45/200 repo=record_index...
c3-L0-single-file 45/200 K=0 infra_ok=True
[c3-L0-single-file] evaluating group 46/200 repo=record_index...
c3-L0-single-file 46/200 K=0 infra_ok=True
[c3-L0-single-file] evaluating group 47/200 repo=route_graph...
c3-L0-single-file 47/200 K=0 infra_ok=True
[c3-L0-single-file] evaluating group 48/200 repo=task_scheduler...
c3-L0-single-file 48/200 K=1 infra_ok=True
[c3-L0-single-file] evaluating group 49/200 repo=stock_reservations...
c3-L0-single-file 49/200 K=0 infra_ok=True
[c3-L0-single-file] evaluating group 50/200 repo=stock_reservations...
c3-L0-single-file 50/200 K=0 infra_ok=True
[c3-L0-single-file] evaluating group 51/200 repo=record_index...
c3-L0-single-file 51/200 K=0 infra_ok=True
[c3-L0-single-file] evaluating group 52/200 repo=slot_planner...
c3-L0-single-file 52/200 K=0 infra_ok=True
[c3-L0-single-file] evaluating group 53/200 repo=route_graph...
c3-L0-single-file 53/200 K=0 infra_ok=True
[c3-L0-single-file] evaluating group 54/200 repo=route_graph...
c3-L0-single-file 54/200 K=1 infra_ok=True
[c3-L0-single-file] evaluating group 55/200 repo=record_index...
c3-L0-single-file 55/200 K=0 infra_ok=True
[c3-L0-single-file] evaluating group 56/200 repo=slot_planner...
c3-L0-single-file 56/200 K=0 infra_ok=True
[c3-L0-single-file] evaluating group 57/200 repo=task_scheduler...
c3-L0-single-file 57/200 K=0 infra_ok=True
[c3-L0-single-file] evaluating group 58/200 repo=metric_aggregator...
c3-L0-single-file 58/200 K=0 infra_ok=True
[c3-L0-single-file] evaluating group 59/200 repo=task_scheduler...
c3-L0-single-file 59/200 K=0 infra_ok=True
[c3-L0-single-file] evaluating group 60/200 repo=config_parser...
c3-L0-single-file 60/200 K=0 infra_ok=True
[c3-L0-single-file] evaluating group 61/200 repo=slot_planner...
c3-L0-single-file 61/200 K=0 infra_ok=True
[c3-L0-single-file] evaluating group 62/200 repo=route_graph...
c3-L0-single-file 62/200 K=0 infra_ok=True
[c3-L0-single-file] evaluating group 63/200 repo=config_parser...
c3-L0-single-file 63/200 K=0 infra_ok=True
[c3-L0-single-file] evaluating group 64/200 repo=slot_planner...
c3-L0-single-file 64/200 K=0 infra_ok=True
[c3-L0-single-file] evaluating group 65/200 repo=metric_aggregator...
c3-L0-single-file 65/200 K=1 infra_ok=True
[c3-L0-single-file] evaluating group 66/200 repo=task_scheduler...
c3-L0-single-file 66/200 K=1 infra_ok=True
[c3-L0-single-file] evaluating group 67/200 repo=route_graph...
c3-L0-single-file 67/200 K=0 infra_ok=True
[c3-L0-single-file] evaluating group 68/200 repo=task_scheduler...
c3-L0-single-file 68/200 K=0 infra_ok=True
[c3-L0-single-file] evaluating group 69/200 repo=record_index...
c3-L0-single-file 69/200 K=0 infra_ok=True
[c3-L0-single-file] evaluating group 70/200 repo=config_parser...
c3-L0-single-file 70/200 K=0 infra_ok=True
[c3-L0-single-file] evaluating group 71/200 repo=record_index...
c3-L0-single-file 71/200 K=0 infra_ok=True
[c3-L0-single-file] evaluating group 72/200 repo=stock_reservations...
c3-L0-single-file 72/200 K=0 infra_ok=True
[c3-L0-single-file] evaluating group 73/200 repo=record_index...
c3-L0-single-file 73/200 K=0 infra_ok=True
[c3-L0-single-file] evaluating group 74/200 repo=config_parser...
c3-L0-single-file 74/200 K=0 infra_ok=True
[c3-L0-single-file] evaluating group 75/200 repo=stock_reservations...
c3-L0-single-file 75/200 K=0 infra_ok=True
[c3-L0-single-file] evaluating group 76/200 repo=config_parser...
c3-L0-single-file 76/200 K=0 infra_ok=True
[c3-L0-single-file] evaluating group 77/200 repo=config_parser...
c3-L0-single-file 77/200 K=0 infra_ok=True
[c3-L0-single-file] evaluating group 78/200 repo=route_graph...
c3-L0-single-file 78/200 K=1 infra_ok=True
[c3-L0-single-file] evaluating group 79/200 repo=task_scheduler...
c3-L0-single-file 79/200 K=0 infra_ok=True
[c3-L0-single-file] evaluating group 80/200 repo=task_scheduler...
c3-L0-single-file 80/200 K=0 infra_ok=True
[c3-L0-single-file] evaluating group 81/200 repo=metric_aggregator...
c3-L0-single-file 81/200 K=0 infra_ok=True
[c3-L0-single-file] evaluating group 82/200 repo=task_scheduler...
c3-L0-single-file 82/200 K=1 infra_ok=True
[c3-L0-single-file] evaluating group 83/200 repo=route_graph...
c3-L0-single-file 83/200 K=1 infra_ok=True
[c3-L0-single-file] evaluating group 84/200 repo=record_index...
c3-L0-single-file 84/200 K=0 infra_ok=True
[c3-L0-single-file] evaluating group 85/200 repo=task_scheduler...
c3-L0-single-file 85/200 K=0 infra_ok=True
[c3-L0-single-file] evaluating group 86/200 repo=record_index...
c3-L0-single-file 86/200 K=0 infra_ok=True
[c3-L0-single-file] evaluating group 87/200 repo=task_scheduler...
c3-L0-single-file 87/200 K=0 infra_ok=True
[c3-L0-single-file] evaluating group 88/200 repo=task_scheduler...
c3-L0-single-file 88/200 K=0 infra_ok=True
[c3-L0-single-file] evaluating group 89/200 repo=route_graph...
c3-L0-single-file 89/200 K=0 infra_ok=True
[c3-L0-single-file] evaluating group 90/200 repo=stock_reservations...
c3-L0-single-file 90/200 K=0 infra_ok=True
[c3-L0-single-file] evaluating group 91/200 repo=config_parser...
c3-L0-single-file 91/200 K=0 infra_ok=True
[c3-L0-single-file] evaluating group 92/200 repo=config_parser...
c3-L0-single-file 92/200 K=0 infra_ok=True
[c3-L0-single-file] evaluating group 93/200 repo=config_parser...
c3-L0-single-file 93/200 K=0 infra_ok=True
[c3-L0-single-file] evaluating group 94/200 repo=slot_planner...
c3-L0-single-file 94/200 K=0 infra_ok=True
[c3-L0-single-file] evaluating group 95/200 repo=config_parser...
c3-L0-single-file 95/200 K=0 infra_ok=True
[c3-L0-single-file] evaluating group 96/200 repo=slot_planner...
c3-L0-single-file 96/200 K=0 infra_ok=True
[c3-L0-single-file] evaluating group 97/200 repo=task_scheduler...
c3-L0-single-file 97/200 K=1 infra_ok=True
[c3-L0-single-file] evaluating group 98/200 repo=stock_reservations...
c3-L0-single-file 98/200 K=0 infra_ok=True
[c3-L0-single-file] evaluating group 99/200 repo=slot_planner...
c3-L0-single-file 99/200 K=0 infra_ok=True
[c3-L0-single-file] evaluating group 100/200 repo=stock_reservations...
c3-L0-single-file 100/200 K=0 infra_ok=True
[c3-L0-single-file] evaluating group 101/200 repo=route_graph...
c3-L0-single-file 101/200 K=0 infra_ok=True
[c3-L0-single-file] evaluating group 102/200 repo=route_graph...
c3-L0-single-file 102/200 K=1 infra_ok=True
[c3-L0-single-file] evaluating group 103/200 repo=metric_aggregator...
c3-L0-single-file 103/200 K=2 infra_ok=True
[c3-L0-single-file] evaluating group 104/200 repo=slot_planner...
c3-L0-single-file 104/200 K=1 infra_ok=True
[c3-L0-single-file] evaluating group 105/200 repo=config_parser...
c3-L0-single-file 105/200 K=0 infra_ok=True
[c3-L0-single-file] evaluating group 106/200 repo=stock_reservations...
c3-L0-single-file 106/200 K=1 infra_ok=True
[c3-L0-single-file] evaluating group 107/200 repo=config_parser...
c3-L0-single-file 107/200 K=0 infra_ok=True
[c3-L0-single-file] evaluating group 108/200 repo=slot_planner...
c3-L0-single-file 108/200 K=0 infra_ok=True
[c3-L0-single-file] evaluating group 109/200 repo=metric_aggregator...
c3-L0-single-file 109/200 K=0 infra_ok=True
[c3-L0-single-file] evaluating group 110/200 repo=stock_reservations...
c3-L0-single-file 110/200 K=0 infra_ok=True
[c3-L0-single-file] evaluating group 111/200 repo=task_scheduler...
c3-L0-single-file 111/200 K=0 infra_ok=True
[c3-L0-single-file] evaluating group 112/200 repo=metric_aggregator...
c3-L0-single-file 112/200 K=0 infra_ok=True
[c3-L0-single-file] evaluating group 113/200 repo=stock_reservations...
c3-L0-single-file 113/200 K=0 infra_ok=True
[c3-L0-single-file] evaluating group 114/200 repo=config_parser...
c3-L0-single-file 114/200 K=0 infra_ok=True
[c3-L0-single-file] evaluating group 115/200 repo=metric_aggregator...
c3-L0-single-file 115/200 K=0 infra_ok=True
[c3-L0-single-file] evaluating group 116/200 repo=slot_planner...
c3-L0-single-file 116/200 K=0 infra_ok=True
[c3-L0-single-file] evaluating group 117/200 repo=route_graph...
c3-L0-single-file 117/200 K=0 infra_ok=True
[c3-L0-single-file] evaluating group 118/200 repo=config_parser...
c3-L0-single-file 118/200 K=2 infra_ok=True
[c3-L0-single-file] evaluating group 119/200 repo=config_parser...
c3-L0-single-file 119/200 K=0 infra_ok=True
[c3-L0-single-file] evaluating group 120/200 repo=route_graph...
c3-L0-single-file 120/200 K=0 infra_ok=True
[c3-L0-single-file] evaluating group 121/200 repo=metric_aggregator...
c3-L0-single-file 121/200 K=1 infra_ok=True
[c3-L0-single-file] evaluating group 122/200 repo=slot_planner...
c3-L0-single-file 122/200 K=0 infra_ok=True
[c3-L0-single-file] evaluating group 123/200 repo=route_graph...
c3-L0-single-file 123/200 K=0 infra_ok=True
[c3-L0-single-file] evaluating group 124/200 repo=metric_aggregator...
c3-L0-single-file 124/200 K=0 infra_ok=True
[c3-L0-single-file] evaluating group 125/200 repo=route_graph...
c3-L0-single-file 125/200 K=0 infra_ok=True
[c3-L0-single-file] evaluating group 126/200 repo=record_index...
c3-L0-single-file 126/200 K=0 infra_ok=True
[c3-L0-single-file] evaluating group 127/200 repo=metric_aggregator...
c3-L0-single-file 127/200 K=1 infra_ok=True
[c3-L0-single-file] evaluating group 128/200 repo=route_graph...
c3-L0-single-file 128/200 K=0 infra_ok=True
[c3-L0-single-file] evaluating group 129/200 repo=stock_reservations...
c3-L0-single-file 129/200 K=0 infra_ok=True
[c3-L0-single-file] evaluating group 130/200 repo=config_parser...
c3-L0-single-file 130/200 K=0 infra_ok=True
[c3-L0-single-file] evaluating group 131/200 repo=config_parser...
c3-L0-single-file 131/200 K=0 infra_ok=True
[c3-L0-single-file] evaluating group 132/200 repo=route_graph...
c3-L0-single-file 132/200 K=0 infra_ok=True
[c3-L0-single-file] evaluating group 133/200 repo=metric_aggregator...
c3-L0-single-file 133/200 K=0 infra_ok=True
[c3-L0-single-file] evaluating group 134/200 repo=route_graph...
c3-L0-single-file 134/200 K=0 infra_ok=True
[c3-L0-single-file] evaluating group 135/200 repo=config_parser...
c3-L0-single-file 135/200 K=0 infra_ok=True
[c3-L0-single-file] evaluating group 136/200 repo=slot_planner...
c3-L0-single-file 136/200 K=0 infra_ok=True
[c3-L0-single-file] evaluating group 137/200 repo=route_graph...
c3-L0-single-file 137/200 K=0 infra_ok=True
[c3-L0-single-file] evaluating group 138/200 repo=route_graph...
c3-L0-single-file 138/200 K=0 infra_ok=True
[c3-L0-single-file] evaluating group 139/200 repo=task_scheduler...
c3-L0-single-file 139/200 K=0 infra_ok=True
[c3-L0-single-file] evaluating group 140/200 repo=record_index...
c3-L0-single-file 140/200 K=0 infra_ok=True
[c3-L0-single-file] evaluating group 141/200 repo=slot_planner...
c3-L0-single-file 141/200 K=0 infra_ok=True
[c3-L0-single-file] evaluating group 142/200 repo=metric_aggregator...
c3-L0-single-file 142/200 K=2 infra_ok=True
[c3-L0-single-file] evaluating group 143/200 repo=route_graph...
c3-L0-single-file 143/200 K=0 infra_ok=True
[c3-L0-single-file] evaluating group 144/200 repo=metric_aggregator...
c3-L0-single-file 144/200 K=1 infra_ok=True
[c3-L0-single-file] evaluating group 145/200 repo=task_scheduler...
c3-L0-single-file 145/200 K=0 infra_ok=True
[c3-L0-single-file] evaluating group 146/200 repo=record_index...
c3-L0-single-file 146/200 K=0 infra_ok=True
[c3-L0-single-file] evaluating group 147/200 repo=route_graph...
c3-L0-single-file 147/200 K=0 infra_ok=True
[c3-L0-single-file] evaluating group 148/200 repo=slot_planner...
c3-L0-single-file 148/200 K=0 infra_ok=True
[c3-L0-single-file] evaluating group 149/200 repo=slot_planner...
c3-L0-single-file 149/200 K=0 infra_ok=True
[c3-L0-single-file] evaluating group 150/200 repo=record_index...
    API error: Error code: 400 - {'error': {'message': "This model's maximum context length is 16384 tokens. However, your request has 16876 input tokens. Please reduce the length of the input messages. None", 'type': 'BadRequestError', 'param': None, 'code': 400}}
c3-L0-single-file 150/200 K=0 infra_ok=False
[c3-L0-single-file] evaluating group 151/200 repo=slot_planner...
c3-L0-single-file 151/200 K=2 infra_ok=True
[c3-L0-single-file] evaluating group 152/200 repo=route_graph...
c3-L0-single-file 152/200 K=0 infra_ok=True
[c3-L0-single-file] evaluating group 153/200 repo=route_graph...
c3-L0-single-file 153/200 K=0 infra_ok=True
[c3-L0-single-file] evaluating group 154/200 repo=record_index...
c3-L0-single-file 154/200 K=0 infra_ok=True
[c3-L0-single-file] evaluating group 155/200 repo=stock_reservations...
c3-L0-single-file 155/200 K=0 infra_ok=True
[c3-L0-single-file] evaluating group 156/200 repo=task_scheduler...
c3-L0-single-file 156/200 K=0 infra_ok=True
[c3-L0-single-file] evaluating group 157/200 repo=stock_reservations...
c3-L0-single-file 157/200 K=0 infra_ok=True
[c3-L0-single-file] evaluating group 158/200 repo=stock_reservations...
c3-L0-single-file 158/200 K=0 infra_ok=True
[c3-L0-single-file] evaluating group 159/200 repo=config_parser...
c3-L0-single-file 159/200 K=0 infra_ok=True
[c3-L0-single-file] evaluating group 160/200 repo=slot_planner...
c3-L0-single-file 160/200 K=0 infra_ok=True
[c3-L0-single-file] evaluating group 161/200 repo=stock_reservations...
c3-L0-single-file 161/200 K=0 infra_ok=True
[c3-L0-single-file] evaluating group 162/200 repo=route_graph...
c3-L0-single-file 162/200 K=0 infra_ok=True
[c3-L0-single-file] evaluating group 163/200 repo=record_index...
c3-L0-single-file 163/200 K=0 infra_ok=True
[c3-L0-single-file] evaluating group 164/200 repo=record_index...
c3-L0-single-file 164/200 K=0 infra_ok=True
[c3-L0-single-file] evaluating group 165/200 repo=route_graph...
c3-L0-single-file 165/200 K=0 infra_ok=True
[c3-L0-single-file] evaluating group 166/200 repo=record_index...
c3-L0-single-file 166/200 K=0 infra_ok=True
[c3-L0-single-file] evaluating group 167/200 repo=task_scheduler...
c3-L0-single-file 167/200 K=0 infra_ok=True
[c3-L0-single-file] evaluating group 168/200 repo=stock_reservations...
c3-L0-single-file 168/200 K=0 infra_ok=True
[c3-L0-single-file] evaluating group 169/200 repo=config_parser...
c3-L0-single-file 169/200 K=0 infra_ok=True
[c3-L0-single-file] evaluating group 170/200 repo=metric_aggregator...
c3-L0-single-file 170/200 K=0 infra_ok=True
[c3-L0-single-file] evaluating group 171/200 repo=metric_aggregator...
c3-L0-single-file 171/200 K=0 infra_ok=True
[c3-L0-single-file] evaluating group 172/200 repo=task_scheduler...
c3-L0-single-file 172/200 K=0 infra_ok=True
[c3-L0-single-file] evaluating group 173/200 repo=route_graph...
c3-L0-single-file 173/200 K=1 infra_ok=True
[c3-L0-single-file] evaluating group 174/200 repo=config_parser...
c3-L0-single-file 174/200 K=2 infra_ok=True
[c3-L0-single-file] evaluating group 175/200 repo=route_graph...
c3-L0-single-file 175/200 K=0 infra_ok=True
[c3-L0-single-file] evaluating group 176/200 repo=slot_planner...
c3-L0-single-file 176/200 K=0 infra_ok=True
[c3-L0-single-file] evaluating group 177/200 repo=stock_reservations...
c3-L0-single-file 177/200 K=0 infra_ok=True
[c3-L0-single-file] evaluating group 178/200 repo=route_graph...
c3-L0-single-file 178/200 K=0 infra_ok=True
[c3-L0-single-file] evaluating group 179/200 repo=stock_reservations...
c3-L0-single-file 179/200 K=0 infra_ok=True
[c3-L0-single-file] evaluating group 180/200 repo=task_scheduler...
c3-L0-single-file 180/200 K=0 infra_ok=True
[c3-L0-single-file] evaluating group 181/200 repo=config_parser...
c3-L0-single-file 181/200 K=1 infra_ok=True
[c3-L0-single-file] evaluating group 182/200 repo=slot_planner...
    API error: Error code: 400 - {'error': {'message': "This model's maximum context length is 16384 tokens. However, your request has 16386 input tokens. Please reduce the length of the input messages. None", 'type': 'BadRequestError', 'param': None, 'code': 400}}
c3-L0-single-file 182/200 K=0 infra_ok=False
[c3-L0-single-file] evaluating group 183/200 repo=task_scheduler...
c3-L0-single-file 183/200 K=0 infra_ok=True
[c3-L0-single-file] evaluating group 184/200 repo=record_index...
c3-L0-single-file 184/200 K=0 infra_ok=True
[c3-L0-single-file] evaluating group 185/200 repo=task_scheduler...
c3-L0-single-file 185/200 K=0 infra_ok=True
[c3-L0-single-file] evaluating group 186/200 repo=record_index...
c3-L0-single-file 186/200 K=0 infra_ok=True
[c3-L0-single-file] evaluating group 187/200 repo=slot_planner...
c3-L0-single-file 187/200 K=0 infra_ok=True
[c3-L0-single-file] evaluating group 188/200 repo=record_index...
c3-L0-single-file 188/200 K=0 infra_ok=True
[c3-L0-single-file] evaluating group 189/200 repo=config_parser...
c3-L0-single-file 189/200 K=0 infra_ok=True
[c3-L0-single-file] evaluating group 190/200 repo=config_parser...
c3-L0-single-file 190/200 K=0 infra_ok=True
[c3-L0-single-file] evaluating group 191/200 repo=config_parser...
c3-L0-single-file 191/200 K=0 infra_ok=True
[c3-L0-single-file] evaluating group 192/200 repo=record_index...
c3-L0-single-file 192/200 K=0 infra_ok=True
[c3-L0-single-file] evaluating group 193/200 repo=metric_aggregator...
c3-L0-single-file 193/200 K=0 infra_ok=True
[c3-L0-single-file] evaluating group 194/200 repo=metric_aggregator...
c3-L0-single-file 194/200 K=2 infra_ok=True
[c3-L0-single-file] evaluating group 195/200 repo=route_graph...
c3-L0-single-file 195/200 K=0 infra_ok=True
[c3-L0-single-file] evaluating group 196/200 repo=route_graph...
c3-L0-single-file 196/200 K=0 infra_ok=True
[c3-L0-single-file] evaluating group 197/200 repo=metric_aggregator...
c3-L0-single-file 197/200 K=1 infra_ok=True
[c3-L0-single-file] evaluating group 198/200 repo=metric_aggregator...
c3-L0-single-file 198/200 K=0 infra_ok=True
[c3-L0-single-file] evaluating group 199/200 repo=metric_aggregator...
c3-L0-single-file 199/200 K=0 infra_ok=True
[c3-L0-single-file] evaluating group 200/200 repo=config_parser...
c3-L0-single-file 200/200 K=0 infra_ok=True
bucket c3-L0-single-file complete (200 groups)
