[main] starting (only_bucket=c1-L0-single-function, summarize_only=False)
[main] catalog history ready
[main] metadata validated
[run_groups] buckets=['c1-L0-single-function'] concurrency=4
[run_groups] sandbox pool ready
[c1-L0-single-function] checkpoint OK (0 groups), resuming at group 1/75
[c1-L0-single-function] evaluating group 1/75 repo=config_parser...
c1-L0-single-function 1/75 K=1 infra_ok=True
[c1-L0-single-function] evaluating group 2/75 repo=metric_aggregator...
c1-L0-single-function 2/75 K=0 infra_ok=True
[c1-L0-single-function] evaluating group 3/75 repo=task_scheduler...
c1-L0-single-function 3/75 K=0 infra_ok=True
[c1-L0-single-function] evaluating group 4/75 repo=record_index...
c1-L0-single-function 4/75 K=0 infra_ok=True
[c1-L0-single-function] evaluating group 5/75 repo=parcel_ledger...
c1-L0-single-function 5/75 K=0 infra_ok=True
[c1-L0-single-function] evaluating group 6/75 repo=stock_reservations...
c1-L0-single-function 6/75 K=0 infra_ok=True
[c1-L0-single-function] evaluating group 7/75 repo=stock_reservations...
c1-L0-single-function 7/75 K=0 infra_ok=True
[c1-L0-single-function] evaluating group 8/75 repo=task_scheduler...
c1-L0-single-function 8/75 K=0 infra_ok=True
[c1-L0-single-function] evaluating group 9/75 repo=task_scheduler...
c1-L0-single-function 9/75 K=0 infra_ok=True
[c1-L0-single-function] evaluating group 10/75 repo=record_index...
c1-L0-single-function 10/75 K=1 infra_ok=True
[c1-L0-single-function] evaluating group 11/75 repo=stock_reservations...
c1-L0-single-function 11/75 K=0 infra_ok=True
[c1-L0-single-function] evaluating group 12/75 repo=record_index...
c1-L0-single-function 12/75 K=0 infra_ok=True
[c1-L0-single-function] evaluating group 13/75 repo=slot_planner...
c1-L0-single-function 13/75 K=0 infra_ok=True
[c1-L0-single-function] evaluating group 14/75 repo=parcel_ledger...
c1-L0-single-function 14/75 K=0 infra_ok=True
[c1-L0-single-function] evaluating group 15/75 repo=slot_planner...
c1-L0-single-function 15/75 K=1 infra_ok=True
[c1-L0-single-function] evaluating group 16/75 repo=task_scheduler...
c1-L0-single-function 16/75 K=0 infra_ok=True
[c1-L0-single-function] evaluating group 17/75 repo=record_index...
c1-L0-single-function 17/75 K=0 infra_ok=True
[c1-L0-single-function] evaluating group 18/75 repo=record_index...
c1-L0-single-function 18/75 K=0 infra_ok=True
[c1-L0-single-function] evaluating group 19/75 repo=config_parser...
c1-L0-single-function 19/75 K=0 infra_ok=True
[c1-L0-single-function] evaluating group 20/75 repo=record_index...
c1-L0-single-function 20/75 K=0 infra_ok=True
[c1-L0-single-function] evaluating group 21/75 repo=config_parser...
c1-L0-single-function 21/75 K=0 infra_ok=True
[c1-L0-single-function] evaluating group 22/75 repo=slot_planner...
c1-L0-single-function 22/75 K=1 infra_ok=True
[c1-L0-single-function] evaluating group 23/75 repo=route_graph...
c1-L0-single-function 23/75 K=0 infra_ok=True
[c1-L0-single-function] evaluating group 24/75 repo=slot_planner...
c1-L0-single-function 24/75 K=0 infra_ok=True
[c1-L0-single-function] evaluating group 25/75 repo=metric_aggregator...
c1-L0-single-function 25/75 K=0 infra_ok=True
[c1-L0-single-function] evaluating group 26/75 repo=metric_aggregator...
c1-L0-single-function 26/75 K=0 infra_ok=True
[c1-L0-single-function] evaluating group 27/75 repo=stock_reservations...
c1-L0-single-function 27/75 K=0 infra_ok=True
[c1-L0-single-function] evaluating group 28/75 repo=route_graph...
c1-L0-single-function 28/75 K=0 infra_ok=True
[c1-L0-single-function] evaluating group 29/75 repo=metric_aggregator...
c1-L0-single-function 29/75 K=0 infra_ok=True
[c1-L0-single-function] evaluating group 30/75 repo=config_parser...
c1-L0-single-function 30/75 K=0 infra_ok=True
[c1-L0-single-function] evaluating group 31/75 repo=task_scheduler...
c1-L0-single-function 31/75 K=0 infra_ok=True
[c1-L0-single-function] evaluating group 32/75 repo=stock_reservations...
c1-L0-single-function 32/75 K=1 infra_ok=True
[c1-L0-single-function] evaluating group 33/75 repo=slot_planner...
c1-L0-single-function 33/75 K=0 infra_ok=True
[c1-L0-single-function] evaluating group 34/75 repo=config_parser...
c1-L0-single-function 34/75 K=0 infra_ok=True
[c1-L0-single-function] evaluating group 35/75 repo=task_scheduler...
c1-L0-single-function 35/75 K=2 infra_ok=True
[c1-L0-single-function] evaluating group 36/75 repo=config_parser...
c1-L0-single-function 36/75 K=2 infra_ok=True
[c1-L0-single-function] evaluating group 37/75 repo=stock_reservations...
c1-L0-single-function 37/75 K=1 infra_ok=True
[c1-L0-single-function] evaluating group 38/75 repo=slot_planner...
c1-L0-single-function 38/75 K=0 infra_ok=True
[c1-L0-single-function] evaluating group 39/75 repo=record_index...
c1-L0-single-function 39/75 K=0 infra_ok=True
[c1-L0-single-function] evaluating group 40/75 repo=stock_reservations...
c1-L0-single-function 40/75 K=0 infra_ok=True
[c1-L0-single-function] evaluating group 41/75 repo=metric_aggregator...
c1-L0-single-function 41/75 K=0 infra_ok=True
[c1-L0-single-function] evaluating group 42/75 repo=stock_reservations...
c1-L0-single-function 42/75 K=0 infra_ok=True
[c1-L0-single-function] evaluating group 43/75 repo=config_parser...
c1-L0-single-function 43/75 K=0 infra_ok=True
[c1-L0-single-function] evaluating group 44/75 repo=record_index...
c1-L0-single-function 44/75 K=0 infra_ok=True
[c1-L0-single-function] evaluating group 45/75 repo=record_index...
c1-L0-single-function 45/75 K=0 infra_ok=True
[c1-L0-single-function] evaluating group 46/75 repo=record_index...
c1-L0-single-function 46/75 K=0 infra_ok=True
[c1-L0-single-function] evaluating group 47/75 repo=config_parser...
c1-L0-single-function 47/75 K=0 infra_ok=True
[c1-L0-single-function] evaluating group 48/75 repo=slot_planner...
c1-L0-single-function 48/75 K=0 infra_ok=True
[c1-L0-single-function] evaluating group 49/75 repo=config_parser...
c1-L0-single-function 49/75 K=0 infra_ok=True
[c1-L0-single-function] evaluating group 50/75 repo=task_scheduler...
c1-L0-single-function 50/75 K=0 infra_ok=True
[c1-L0-single-function] evaluating group 51/75 repo=slot_planner...
c1-L0-single-function 51/75 K=1 infra_ok=True
[c1-L0-single-function] evaluating group 52/75 repo=route_graph...
c1-L0-single-function 52/75 K=0 infra_ok=True
[c1-L0-single-function] evaluating group 53/75 repo=config_parser...
c1-L0-single-function 53/75 K=0 infra_ok=True
[c1-L0-single-function] evaluating group 54/75 repo=parcel_ledger...
c1-L0-single-function 54/75 K=2 infra_ok=True
[c1-L0-single-function] evaluating group 55/75 repo=slot_planner...
c1-L0-single-function 55/75 K=0 infra_ok=True
[c1-L0-single-function] evaluating group 56/75 repo=record_index...
c1-L0-single-function 56/75 K=1 infra_ok=True
[c1-L0-single-function] evaluating group 57/75 repo=record_index...
c1-L0-single-function 57/75 K=0 infra_ok=True
[c1-L0-single-function] evaluating group 58/75 repo=stock_reservations...
c1-L0-single-function 58/75 K=0 infra_ok=True
[c1-L0-single-function] evaluating group 59/75 repo=slot_planner...
c1-L0-single-function 59/75 K=0 infra_ok=True
[c1-L0-single-function] evaluating group 60/75 repo=task_scheduler...
c1-L0-single-function 60/75 K=0 infra_ok=True
[c1-L0-single-function] evaluating group 61/75 repo=task_scheduler...
c1-L0-single-function 61/75 K=0 infra_ok=True
[c1-L0-single-function] evaluating group 62/75 repo=task_scheduler...
c1-L0-single-function 62/75 K=1 infra_ok=True
[c1-L0-single-function] evaluating group 63/75 repo=record_index...
c1-L0-single-function 63/75 K=1 infra_ok=True
[c1-L0-single-function] evaluating group 64/75 repo=task_scheduler...
c1-L0-single-function 64/75 K=0 infra_ok=True
[c1-L0-single-function] evaluating group 65/75 repo=config_parser...
c1-L0-single-function 65/75 K=1 infra_ok=True
[c1-L0-single-function] evaluating group 66/75 repo=task_scheduler...
c1-L0-single-function 66/75 K=0 infra_ok=True
[c1-L0-single-function] evaluating group 67/75 repo=parcel_ledger...
c1-L0-single-function 67/75 K=1 infra_ok=True
[c1-L0-single-function] evaluating group 68/75 repo=metric_aggregator...
c1-L0-single-function 68/75 K=0 infra_ok=True
[c1-L0-single-function] evaluating group 69/75 repo=config_parser...
c1-L0-single-function 69/75 K=0 infra_ok=True
[c1-L0-single-function] evaluating group 70/75 repo=stock_reservations...
c1-L0-single-function 70/75 K=0 infra_ok=True
[c1-L0-single-function] evaluating group 71/75 repo=parcel_ledger...
c1-L0-single-function 71/75 K=1 infra_ok=True
[c1-L0-single-function] evaluating group 72/75 repo=stock_reservations...
c1-L0-single-function 72/75 K=0 infra_ok=True
[c1-L0-single-function] evaluating group 73/75 repo=parcel_ledger...
c1-L0-single-function 73/75 K=0 infra_ok=True
[c1-L0-single-function] evaluating group 74/75 repo=stock_reservations...
c1-L0-single-function 74/75 K=0 infra_ok=True
[c1-L0-single-function] evaluating group 75/75 repo=task_scheduler...
c1-L0-single-function 75/75 K=0 infra_ok=True
bucket c1-L0-single-function complete (75 groups)
