[main] starting (only_bucket=c2-L0-single-function, summarize_only=False)
[main] catalog history ready
[main] metadata validated
[run_groups] buckets=['c2-L0-single-function'] concurrency=4
[run_groups] sandbox pool ready
[c2-L0-single-function] checkpoint OK (29 groups), resuming at group 30/200
[c2-L0-single-function] evaluating group 30/200 repo=stock_reservations...
c2-L0-single-function 30/200 K=0 infra_ok=True
[c2-L0-single-function] evaluating group 31/200 repo=stock_reservations...
c2-L0-single-function 31/200 K=0 infra_ok=True
[c2-L0-single-function] evaluating group 32/200 repo=route_graph...
c2-L0-single-function 32/200 K=0 infra_ok=True
[c2-L0-single-function] evaluating group 33/200 repo=slot_planner...
c2-L0-single-function 33/200 K=0 infra_ok=True
[c2-L0-single-function] evaluating group 34/200 repo=record_index...
c2-L0-single-function 34/200 K=0 infra_ok=True
[c2-L0-single-function] evaluating group 35/200 repo=task_scheduler...
c2-L0-single-function 35/200 K=0 infra_ok=True
[c2-L0-single-function] evaluating group 36/200 repo=config_parser...
c2-L0-single-function 36/200 K=0 infra_ok=True
[c2-L0-single-function] evaluating group 37/200 repo=metric_aggregator...
c2-L0-single-function 37/200 K=1 infra_ok=True
[c2-L0-single-function] evaluating group 38/200 repo=metric_aggregator...
c2-L0-single-function 38/200 K=0 infra_ok=True
[c2-L0-single-function] evaluating group 39/200 repo=config_parser...
c2-L0-single-function 39/200 K=0 infra_ok=True
[c2-L0-single-function] evaluating group 40/200 repo=record_index...
c2-L0-single-function 40/200 K=0 infra_ok=True
[c2-L0-single-function] evaluating group 41/200 repo=stock_reservations...
c2-L0-single-function 41/200 K=0 infra_ok=True
[c2-L0-single-function] evaluating group 42/200 repo=record_index...
c2-L0-single-function 42/200 K=1 infra_ok=True
[c2-L0-single-function] evaluating group 43/200 repo=metric_aggregator...
c2-L0-single-function 43/200 K=1 infra_ok=True
[c2-L0-single-function] evaluating group 44/200 repo=record_index...
c2-L0-single-function 44/200 K=0 infra_ok=True
[c2-L0-single-function] evaluating group 45/200 repo=config_parser...
c2-L0-single-function 45/200 K=0 infra_ok=True
[c2-L0-single-function] evaluating group 46/200 repo=task_scheduler...
c2-L0-single-function 46/200 K=0 infra_ok=True
[c2-L0-single-function] evaluating group 47/200 repo=stock_reservations...
c2-L0-single-function 47/200 K=0 infra_ok=True
[c2-L0-single-function] evaluating group 48/200 repo=record_index...
c2-L0-single-function 48/200 K=2 infra_ok=True
[c2-L0-single-function] evaluating group 49/200 repo=record_index...
c2-L0-single-function 49/200 K=0 infra_ok=True
[c2-L0-single-function] evaluating group 50/200 repo=config_parser...
c2-L0-single-function 50/200 K=0 infra_ok=True
[c2-L0-single-function] evaluating group 51/200 repo=metric_aggregator...
c2-L0-single-function 51/200 K=0 infra_ok=True
[c2-L0-single-function] evaluating group 52/200 repo=route_graph...
c2-L0-single-function 52/200 K=0 infra_ok=True
[c2-L0-single-function] evaluating group 53/200 repo=slot_planner...
c2-L0-single-function 53/200 K=0 infra_ok=True
[c2-L0-single-function] evaluating group 54/200 repo=route_graph...
c2-L0-single-function 54/200 K=0 infra_ok=True
[c2-L0-single-function] evaluating group 55/200 repo=task_scheduler...
c2-L0-single-function 55/200 K=0 infra_ok=True
[c2-L0-single-function] evaluating group 56/200 repo=task_scheduler...
c2-L0-single-function 56/200 K=0 infra_ok=True
[c2-L0-single-function] evaluating group 57/200 repo=metric_aggregator...
c2-L0-single-function 57/200 K=1 infra_ok=True
[c2-L0-single-function] evaluating group 58/200 repo=task_scheduler...
c2-L0-single-function 58/200 K=0 infra_ok=True
[c2-L0-single-function] evaluating group 59/200 repo=task_scheduler...
c2-L0-single-function 59/200 K=0 infra_ok=True
[c2-L0-single-function] evaluating group 60/200 repo=task_scheduler...
c2-L0-single-function 60/200 K=0 infra_ok=True
[c2-L0-single-function] evaluating group 61/200 repo=route_graph...
c2-L0-single-function 61/200 K=1 infra_ok=True
[c2-L0-single-function] evaluating group 62/200 repo=slot_planner...
c2-L0-single-function 62/200 K=0 infra_ok=True
[c2-L0-single-function] evaluating group 63/200 repo=slot_planner...
c2-L0-single-function 63/200 K=0 infra_ok=True
[c2-L0-single-function] evaluating group 64/200 repo=route_graph...
c2-L0-single-function 64/200 K=1 infra_ok=True
[c2-L0-single-function] evaluating group 65/200 repo=task_scheduler...
c2-L0-single-function 65/200 K=1 infra_ok=True
[c2-L0-single-function] evaluating group 66/200 repo=config_parser...
c2-L0-single-function 66/200 K=0 infra_ok=True
[c2-L0-single-function] evaluating group 67/200 repo=stock_reservations...
c2-L0-single-function 67/200 K=0 infra_ok=True
[c2-L0-single-function] evaluating group 68/200 repo=slot_planner...
c2-L0-single-function 68/200 K=1 infra_ok=True
[c2-L0-single-function] evaluating group 69/200 repo=config_parser...
c2-L0-single-function 69/200 K=0 infra_ok=True
[c2-L0-single-function] evaluating group 70/200 repo=task_scheduler...
c2-L0-single-function 70/200 K=0 infra_ok=True
[c2-L0-single-function] evaluating group 71/200 repo=stock_reservations...
c2-L0-single-function 71/200 K=0 infra_ok=True
[c2-L0-single-function] evaluating group 72/200 repo=task_scheduler...
c2-L0-single-function 72/200 K=0 infra_ok=True
[c2-L0-single-function] evaluating group 73/200 repo=task_scheduler...
c2-L0-single-function 73/200 K=0 infra_ok=True
[c2-L0-single-function] evaluating group 74/200 repo=slot_planner...
c2-L0-single-function 74/200 K=0 infra_ok=True
[c2-L0-single-function] evaluating group 75/200 repo=task_scheduler...
c2-L0-single-function 75/200 K=0 infra_ok=True
[c2-L0-single-function] evaluating group 76/200 repo=record_index...
c2-L0-single-function 76/200 K=0 infra_ok=True
[c2-L0-single-function] evaluating group 77/200 repo=slot_planner...
c2-L0-single-function 77/200 K=1 infra_ok=True
[c2-L0-single-function] evaluating group 78/200 repo=task_scheduler...
c2-L0-single-function 78/200 K=0 infra_ok=True
[c2-L0-single-function] evaluating group 79/200 repo=config_parser...
c2-L0-single-function 79/200 K=0 infra_ok=True
[c2-L0-single-function] evaluating group 80/200 repo=config_parser...
c2-L0-single-function 80/200 K=0 infra_ok=True
[c2-L0-single-function] evaluating group 81/200 repo=task_scheduler...
c2-L0-single-function 81/200 K=0 infra_ok=True
[c2-L0-single-function] evaluating group 82/200 repo=task_scheduler...
c2-L0-single-function 82/200 K=0 infra_ok=True
[c2-L0-single-function] evaluating group 83/200 repo=config_parser...
c2-L0-single-function 83/200 K=0 infra_ok=True
[c2-L0-single-function] evaluating group 84/200 repo=route_graph...
c2-L0-single-function 84/200 K=0 infra_ok=True
[c2-L0-single-function] evaluating group 85/200 repo=slot_planner...
c2-L0-single-function 85/200 K=0 infra_ok=True
[c2-L0-single-function] evaluating group 86/200 repo=metric_aggregator...
c2-L0-single-function 86/200 K=0 infra_ok=True
[c2-L0-single-function] evaluating group 87/200 repo=config_parser...
c2-L0-single-function 87/200 K=0 infra_ok=True
[c2-L0-single-function] evaluating group 88/200 repo=config_parser...
c2-L0-single-function 88/200 K=0 infra_ok=True
[c2-L0-single-function] evaluating group 89/200 repo=task_scheduler...
c2-L0-single-function 89/200 K=0 infra_ok=True
[c2-L0-single-function] evaluating group 90/200 repo=config_parser...
c2-L0-single-function 90/200 K=0 infra_ok=True
[c2-L0-single-function] evaluating group 91/200 repo=config_parser...
c2-L0-single-function 91/200 K=0 infra_ok=True
[c2-L0-single-function] evaluating group 92/200 repo=record_index...
c2-L0-single-function 92/200 K=0 infra_ok=True
[c2-L0-single-function] evaluating group 93/200 repo=task_scheduler...
c2-L0-single-function 93/200 K=0 infra_ok=True
[c2-L0-single-function] evaluating group 94/200 repo=route_graph...
c2-L0-single-function 94/200 K=0 infra_ok=True
[c2-L0-single-function] evaluating group 95/200 repo=stock_reservations...
c2-L0-single-function 95/200 K=0 infra_ok=True
[c2-L0-single-function] evaluating group 96/200 repo=metric_aggregator...
c2-L0-single-function 96/200 K=0 infra_ok=True
[c2-L0-single-function] evaluating group 97/200 repo=metric_aggregator...
c2-L0-single-function 97/200 K=0 infra_ok=True
[c2-L0-single-function] evaluating group 98/200 repo=task_scheduler...
c2-L0-single-function 98/200 K=0 infra_ok=True
[c2-L0-single-function] evaluating group 99/200 repo=task_scheduler...
c2-L0-single-function 99/200 K=0 infra_ok=True
[c2-L0-single-function] evaluating group 100/200 repo=slot_planner...
c2-L0-single-function 100/200 K=1 infra_ok=True
[c2-L0-single-function] evaluating group 101/200 repo=config_parser...
c2-L0-single-function 101/200 K=0 infra_ok=True
[c2-L0-single-function] evaluating group 102/200 repo=record_index...
c2-L0-single-function 102/200 K=1 infra_ok=True
[c2-L0-single-function] evaluating group 103/200 repo=config_parser...
c2-L0-single-function 103/200 K=0 infra_ok=True
[c2-L0-single-function] evaluating group 104/200 repo=config_parser...
c2-L0-single-function 104/200 K=0 infra_ok=True
[c2-L0-single-function] evaluating group 105/200 repo=task_scheduler...
c2-L0-single-function 105/200 K=0 infra_ok=True
[c2-L0-single-function] evaluating group 106/200 repo=stock_reservations...
c2-L0-single-function 106/200 K=0 infra_ok=True
[c2-L0-single-function] evaluating group 107/200 repo=record_index...
c2-L0-single-function 107/200 K=0 infra_ok=True
[c2-L0-single-function] evaluating group 108/200 repo=config_parser...
c2-L0-single-function 108/200 K=0 infra_ok=True
[c2-L0-single-function] evaluating group 109/200 repo=metric_aggregator...
c2-L0-single-function 109/200 K=0 infra_ok=True
[c2-L0-single-function] evaluating group 110/200 repo=record_index...
c2-L0-single-function 110/200 K=4 infra_ok=True
[c2-L0-single-function] evaluating group 111/200 repo=metric_aggregator...
c2-L0-single-function 111/200 K=1 infra_ok=True
[c2-L0-single-function] evaluating group 112/200 repo=config_parser...
c2-L0-single-function 112/200 K=0 infra_ok=True
[c2-L0-single-function] evaluating group 113/200 repo=metric_aggregator...
c2-L0-single-function 113/200 K=1 infra_ok=True
[c2-L0-single-function] evaluating group 114/200 repo=route_graph...
c2-L0-single-function 114/200 K=0 infra_ok=True
[c2-L0-single-function] evaluating group 115/200 repo=task_scheduler...
c2-L0-single-function 115/200 K=0 infra_ok=True
[c2-L0-single-function] evaluating group 116/200 repo=slot_planner...
c2-L0-single-function 116/200 K=1 infra_ok=True
[c2-L0-single-function] evaluating group 117/200 repo=config_parser...
c2-L0-single-function 117/200 K=0 infra_ok=True
[c2-L0-single-function] evaluating group 118/200 repo=stock_reservations...
c2-L0-single-function 118/200 K=0 infra_ok=True
[c2-L0-single-function] evaluating group 119/200 repo=task_scheduler...
c2-L0-single-function 119/200 K=0 infra_ok=True
[c2-L0-single-function] evaluating group 120/200 repo=task_scheduler...
c2-L0-single-function 120/200 K=0 infra_ok=True
[c2-L0-single-function] evaluating group 121/200 repo=metric_aggregator...
c2-L0-single-function 121/200 K=0 infra_ok=True
[c2-L0-single-function] evaluating group 122/200 repo=route_graph...
c2-L0-single-function 122/200 K=1 infra_ok=True
[c2-L0-single-function] evaluating group 123/200 repo=slot_planner...
c2-L0-single-function 123/200 K=0 infra_ok=True
[c2-L0-single-function] evaluating group 124/200 repo=slot_planner...
c2-L0-single-function 124/200 K=0 infra_ok=True
[c2-L0-single-function] evaluating group 125/200 repo=stock_reservations...
c2-L0-single-function 125/200 K=0 infra_ok=True
[c2-L0-single-function] evaluating group 126/200 repo=record_index...
c2-L0-single-function 126/200 K=0 infra_ok=True
[c2-L0-single-function] evaluating group 127/200 repo=config_parser...
c2-L0-single-function 127/200 K=0 infra_ok=True
[c2-L0-single-function] evaluating group 128/200 repo=slot_planner...
c2-L0-single-function 128/200 K=0 infra_ok=True
[c2-L0-single-function] evaluating group 129/200 repo=task_scheduler...
c2-L0-single-function 129/200 K=0 infra_ok=True
[c2-L0-single-function] evaluating group 130/200 repo=stock_reservations...
c2-L0-single-function 130/200 K=0 infra_ok=True
[c2-L0-single-function] evaluating group 131/200 repo=slot_planner...
c2-L0-single-function 131/200 K=0 infra_ok=True
[c2-L0-single-function] evaluating group 132/200 repo=stock_reservations...
c2-L0-single-function 132/200 K=2 infra_ok=True
[c2-L0-single-function] evaluating group 133/200 repo=stock_reservations...
c2-L0-single-function 133/200 K=0 infra_ok=True
[c2-L0-single-function] evaluating group 134/200 repo=config_parser...
c2-L0-single-function 134/200 K=0 infra_ok=True
[c2-L0-single-function] evaluating group 135/200 repo=config_parser...
c2-L0-single-function 135/200 K=0 infra_ok=True
[c2-L0-single-function] evaluating group 136/200 repo=config_parser...
c2-L0-single-function 136/200 K=0 infra_ok=True
[c2-L0-single-function] evaluating group 137/200 repo=record_index...
c2-L0-single-function 137/200 K=0 infra_ok=True
[c2-L0-single-function] evaluating group 138/200 repo=stock_reservations...
c2-L0-single-function 138/200 K=0 infra_ok=True
[c2-L0-single-function] evaluating group 139/200 repo=slot_planner...
c2-L0-single-function 139/200 K=2 infra_ok=True
[c2-L0-single-function] evaluating group 140/200 repo=task_scheduler...
c2-L0-single-function 140/200 K=0 infra_ok=True
[c2-L0-single-function] evaluating group 141/200 repo=slot_planner...
c2-L0-single-function 141/200 K=0 infra_ok=True
[c2-L0-single-function] evaluating group 142/200 repo=task_scheduler...
c2-L0-single-function 142/200 K=0 infra_ok=True
[c2-L0-single-function] evaluating group 143/200 repo=task_scheduler...
c2-L0-single-function 143/200 K=0 infra_ok=True
[c2-L0-single-function] evaluating group 144/200 repo=config_parser...
c2-L0-single-function 144/200 K=0 infra_ok=True
[c2-L0-single-function] evaluating group 145/200 repo=slot_planner...
c2-L0-single-function 145/200 K=0 infra_ok=True
[c2-L0-single-function] evaluating group 146/200 repo=task_scheduler...
c2-L0-single-function 146/200 K=0 infra_ok=True
[c2-L0-single-function] evaluating group 147/200 repo=route_graph...
c2-L0-single-function 147/200 K=1 infra_ok=True
[c2-L0-single-function] evaluating group 148/200 repo=config_parser...
c2-L0-single-function 148/200 K=0 infra_ok=True
[c2-L0-single-function] evaluating group 149/200 repo=record_index...
c2-L0-single-function 149/200 K=0 infra_ok=True
[c2-L0-single-function] evaluating group 150/200 repo=config_parser...
c2-L0-single-function 150/200 K=0 infra_ok=True
[c2-L0-single-function] evaluating group 151/200 repo=slot_planner...
c2-L0-single-function 151/200 K=0 infra_ok=True
[c2-L0-single-function] evaluating group 152/200 repo=metric_aggregator...
c2-L0-single-function 152/200 K=0 infra_ok=True
[c2-L0-single-function] evaluating group 153/200 repo=slot_planner...
c2-L0-single-function 153/200 K=0 infra_ok=True
[c2-L0-single-function] evaluating group 154/200 repo=slot_planner...
c2-L0-single-function 154/200 K=0 infra_ok=True
[c2-L0-single-function] evaluating group 155/200 repo=config_parser...
c2-L0-single-function 155/200 K=0 infra_ok=True
[c2-L0-single-function] evaluating group 156/200 repo=metric_aggregator...
c2-L0-single-function 156/200 K=0 infra_ok=True
[c2-L0-single-function] evaluating group 157/200 repo=route_graph...
c2-L0-single-function 157/200 K=0 infra_ok=True
[c2-L0-single-function] evaluating group 158/200 repo=record_index...
c2-L0-single-function 158/200 K=0 infra_ok=True
[c2-L0-single-function] evaluating group 159/200 repo=route_graph...
c2-L0-single-function 159/200 K=0 infra_ok=True
[c2-L0-single-function] evaluating group 160/200 repo=config_parser...
c2-L0-single-function 160/200 K=0 infra_ok=True
[c2-L0-single-function] evaluating group 161/200 repo=task_scheduler...
c2-L0-single-function 161/200 K=0 infra_ok=True
[c2-L0-single-function] evaluating group 162/200 repo=record_index...
c2-L0-single-function 162/200 K=0 infra_ok=True
[c2-L0-single-function] evaluating group 163/200 repo=task_scheduler...
c2-L0-single-function 163/200 K=0 infra_ok=True
[c2-L0-single-function] evaluating group 164/200 repo=stock_reservations...
c2-L0-single-function 164/200 K=0 infra_ok=True
[c2-L0-single-function] evaluating group 165/200 repo=record_index...
c2-L0-single-function 165/200 K=0 infra_ok=True
[c2-L0-single-function] evaluating group 166/200 repo=task_scheduler...
c2-L0-single-function 166/200 K=0 infra_ok=True
[c2-L0-single-function] evaluating group 167/200 repo=record_index...
c2-L0-single-function 167/200 K=1 infra_ok=True
[c2-L0-single-function] evaluating group 168/200 repo=task_scheduler...
c2-L0-single-function 168/200 K=1 infra_ok=True
[c2-L0-single-function] evaluating group 169/200 repo=metric_aggregator...
c2-L0-single-function 169/200 K=0 infra_ok=True
[c2-L0-single-function] evaluating group 170/200 repo=slot_planner...
c2-L0-single-function 170/200 K=0 infra_ok=True
[c2-L0-single-function] evaluating group 171/200 repo=slot_planner...
c2-L0-single-function 171/200 K=0 infra_ok=True
[c2-L0-single-function] evaluating group 172/200 repo=config_parser...
c2-L0-single-function 172/200 K=0 infra_ok=True
[c2-L0-single-function] evaluating group 173/200 repo=stock_reservations...
c2-L0-single-function 173/200 K=0 infra_ok=True
[c2-L0-single-function] evaluating group 174/200 repo=slot_planner...
c2-L0-single-function 174/200 K=0 infra_ok=True
[c2-L0-single-function] evaluating group 175/200 repo=record_index...
c2-L0-single-function 175/200 K=0 infra_ok=True
[c2-L0-single-function] evaluating group 176/200 repo=slot_planner...
c2-L0-single-function 176/200 K=0 infra_ok=True
[c2-L0-single-function] evaluating group 177/200 repo=stock_reservations...
c2-L0-single-function 177/200 K=0 infra_ok=True
[c2-L0-single-function] evaluating group 178/200 repo=route_graph...
c2-L0-single-function 178/200 K=0 infra_ok=True
[c2-L0-single-function] evaluating group 179/200 repo=stock_reservations...
c2-L0-single-function 179/200 K=0 infra_ok=True
[c2-L0-single-function] evaluating group 180/200 repo=record_index...
c2-L0-single-function 180/200 K=1 infra_ok=True
[c2-L0-single-function] evaluating group 181/200 repo=slot_planner...
c2-L0-single-function 181/200 K=0 infra_ok=True
[c2-L0-single-function] evaluating group 182/200 repo=record_index...
c2-L0-single-function 182/200 K=0 infra_ok=True
[c2-L0-single-function] evaluating group 183/200 repo=route_graph...
c2-L0-single-function 183/200 K=0 infra_ok=True
[c2-L0-single-function] evaluating group 184/200 repo=metric_aggregator...
c2-L0-single-function 184/200 K=0 infra_ok=True
[c2-L0-single-function] evaluating group 185/200 repo=record_index...
c2-L0-single-function 185/200 K=0 infra_ok=True
[c2-L0-single-function] evaluating group 186/200 repo=record_index...
c2-L0-single-function 186/200 K=0 infra_ok=True
[c2-L0-single-function] evaluating group 187/200 repo=task_scheduler...
c2-L0-single-function 187/200 K=0 infra_ok=True
[c2-L0-single-function] evaluating group 188/200 repo=metric_aggregator...
c2-L0-single-function 188/200 K=0 infra_ok=True
[c2-L0-single-function] evaluating group 189/200 repo=record_index...
c2-L0-single-function 189/200 K=0 infra_ok=True
[c2-L0-single-function] evaluating group 190/200 repo=stock_reservations...
c2-L0-single-function 190/200 K=0 infra_ok=True
[c2-L0-single-function] evaluating group 191/200 repo=route_graph...
c2-L0-single-function 191/200 K=0 infra_ok=True
[c2-L0-single-function] evaluating group 192/200 repo=record_index...
c2-L0-single-function 192/200 K=0 infra_ok=True
[c2-L0-single-function] evaluating group 193/200 repo=route_graph...
c2-L0-single-function 193/200 K=0 infra_ok=True
[c2-L0-single-function] evaluating group 194/200 repo=config_parser...
c2-L0-single-function 194/200 K=0 infra_ok=True
[c2-L0-single-function] evaluating group 195/200 repo=metric_aggregator...
c2-L0-single-function 195/200 K=0 infra_ok=True
[c2-L0-single-function] evaluating group 196/200 repo=task_scheduler...
c2-L0-single-function 196/200 K=0 infra_ok=True
[c2-L0-single-function] evaluating group 197/200 repo=task_scheduler...
c2-L0-single-function 197/200 K=0 infra_ok=True
[c2-L0-single-function] evaluating group 198/200 repo=record_index...
c2-L0-single-function 198/200 K=0 infra_ok=True
[c2-L0-single-function] evaluating group 199/200 repo=stock_reservations...
c2-L0-single-function 199/200 K=0 infra_ok=True
[c2-L0-single-function] evaluating group 200/200 repo=config_parser...
c2-L0-single-function 200/200 K=0 infra_ok=True
bucket c2-L0-single-function complete (200 groups)
