Hit:1 https://repo.huaweicloud.com/ubuntu jammy InRelease
Get:2 https://repo.huaweicloud.com/ubuntu jammy-backports InRelease [127 kB]
Get:3 https://repo.huaweicloud.com/ubuntu jammy-proposed InRelease [279 kB]
Get:4 https://repo.huaweicloud.com/ubuntu jammy-security InRelease [129 kB]
Get:5 https://repo.huaweicloud.com/ubuntu jammy-updates InRelease [128 kB]
Get:6 https://repo.huaweicloud.com/ubuntu jammy-backports/universe Sources [13.2 kB]
Get:7 https://repo.huaweicloud.com/ubuntu jammy-proposed/universe Sources [22.9 kB]
Get:8 https://repo.huaweicloud.com/ubuntu jammy-proposed/main Sources [100 kB]
Get:9 https://repo.huaweicloud.com/ubuntu jammy-proposed/main amd64 Packages [898 kB]
Get:10 https://repo.huaweicloud.com/ubuntu jammy-proposed/universe amd64 Packages [63.9 kB]
Get:11 https://repo.huaweicloud.com/ubuntu jammy-security/universe Sources [348 kB]
Get:12 https://repo.huaweicloud.com/ubuntu jammy-security/restricted Sources [99.7 kB]
Get:13 https://repo.huaweicloud.com/ubuntu jammy-security/main Sources [421 kB]
Get:14 https://repo.huaweicloud.com/ubuntu jammy-security/universe amd64 Packages [1316 kB]
Get:15 https://repo.huaweicloud.com/ubuntu jammy-security/restricted amd64 Packages [7706 kB]
Get:16 https://repo.huaweicloud.com/ubuntu jammy-security/main amd64 Packages [4287 kB]
Get:17 https://repo.huaweicloud.com/ubuntu jammy-updates/universe Sources [546 kB]
Get:18 https://repo.huaweicloud.com/ubuntu jammy-updates/multiverse Sources [42.3 kB]
Get:19 https://repo.huaweicloud.com/ubuntu jammy-updates/main Sources [701 kB]
Get:20 https://repo.huaweicloud.com/ubuntu jammy-updates/restricted Sources [105 kB]
Get:21 https://repo.huaweicloud.com/ubuntu jammy-updates/universe amd64 Packages [1620 kB]
Get:22 https://repo.huaweicloud.com/ubuntu jammy-updates/restricted amd64 Packages [8004 kB]
Get:23 https://repo.huaweicloud.com/ubuntu jammy-updates/main amd64 Packages [4623 kB]
Fetched 31.6 MB in 4s (7350 kB/s)
Reading package lists...
