1/133 raw/octorl_r4/seed_42/fixed/stage_1/attempt_1/metrics_target_30.jsonl
2/133 raw/octorl_r4/seed_42/fixed/stage_2/attempt_1/metrics_target_40.jsonl
3/133 raw/octorl_r4/seed_42/fixed/stage_3/attempt_1/metrics_target_50.jsonl
4/133 raw/octorl_r4/seed_42/fixed/stage_4/attempt_1/metrics_target_60.jsonl
5/133 raw/octorl_r4/seed_42/fixed/stage_5/attempt_1/metrics_target_70.jsonl
6/133 raw/octorl_r4/seed_42/fixed/stage_6/attempt_1/metrics_target_80.jsonl
7/133 raw/octorl_r4/seed_137/fixed/stage_1/attempt_1/metrics_target_30.jsonl
8/133 raw/octorl_r4/seed_137/fixed/stage_2/attempt_1/metrics_target_40.jsonl
9/133 raw/octorl_r4/seed_137/fixed/stage_3/attempt_1/metrics_target_50.jsonl
10/133 raw/octorl_r4/seed_137/fixed/stage_4/attempt_1/metrics_target_60.jsonl
11/133 raw/octorl_r4/seed_137/fixed/stage_5/attempt_1/metrics_target_70.jsonl
12/133 raw/octorl_r4/seed_137/fixed/stage_6/attempt_1/metrics_target_80.jsonl
13/133 raw/octorl_r4/seed_2718/fixed/stage_1/attempt_1/metrics_target_30.jsonl
14/133 raw/octorl_r4/seed_2718/fixed/stage_2/attempt_1/metrics_target_40.jsonl
15/133 raw/octorl_r4/seed_2718/fixed/stage_3/attempt_1/metrics_target_50.jsonl
16/133 raw/octorl_r4/seed_2718/fixed/stage_4/attempt_1/metrics_target_60.jsonl
17/133 raw/octorl_r4/seed_2718/fixed/stage_5/attempt_1/metrics_target_70.jsonl
18/133 raw/octorl_r4/seed_2718/fixed/stage_6/attempt_1/metrics_target_80.jsonl
19/133 raw/octorl_r4/seed_42/fixed/stage_1/attempt_1/training.log
20/133 raw/octorl_r4/seed_42/fixed/stage_2/attempt_1/training.log
21/133 raw/octorl_r4/seed_42/fixed/stage_3/attempt_1/training.log
22/133 raw/octorl_r4/seed_42/fixed/stage_4/attempt_1/training.log
23/133 raw/octorl_r4/seed_42/fixed/stage_5/attempt_1/training.log
24/133 raw/octorl_r4/seed_42/fixed/stage_6/attempt_1/training.log
25/133 raw/octorl_r4/seed_137/fixed/stage_1/attempt_1/training.log
26/133 raw/octorl_r4/seed_137/fixed/stage_2/attempt_1/training.log
27/133 raw/octorl_r4/seed_137/fixed/stage_3/attempt_1/training.log
28/133 raw/octorl_r4/seed_137/fixed/stage_4/attempt_1/training.log
29/133 raw/octorl_r4/seed_137/fixed/stage_5/attempt_1/training.log
30/133 raw/octorl_r4/seed_137/fixed/stage_6/attempt_1/training.log
31/133 raw/octorl_r4/seed_2718/fixed/stage_1/attempt_1/training.log
32/133 raw/octorl_r4/seed_2718/fixed/stage_2/attempt_1/training.log
33/133 raw/octorl_r4/seed_2718/fixed/stage_3/attempt_1/training.log
34/133 raw/octorl_r4/seed_2718/fixed/stage_4/attempt_1/training.log
35/133 raw/octorl_r4/seed_2718/fixed/stage_5/attempt_1/training.log
36/133 raw/octorl_r4/seed_2718/fixed/stage_6/attempt_1/training.log
37/133 raw/octorl_r4/seed_42/failure_driven/stage_1/attempt_1/metrics_target_30.jsonl
38/133 raw/octorl_r4/seed_42/failure_driven/stage_2/attempt_1/metrics_target_40.jsonl
39/133 raw/octorl_r4/seed_42/failure_driven/stage_3/attempt_1/metrics_target_50.jsonl
40/133 raw/octorl_r4/seed_42/failure_driven/stage_4/attempt_1/metrics_target_60.jsonl
41/133 raw/octorl_r4/seed_42/failure_driven/stage_5/attempt_1/metrics_target_70.jsonl
42/133 raw/octorl_r4/seed_42/failure_driven/stage_6/attempt_1/metrics_target_80.jsonl
43/133 raw/octorl_r4/seed_137/failure_driven/stage_1/attempt_1/metrics_target_30.jsonl
44/133 raw/octorl_r4/seed_137/failure_driven/stage_2/attempt_1/metrics_target_40.jsonl
45/133 raw/octorl_r4/seed_137/failure_driven/stage_3/attempt_1/metrics_target_50.jsonl
46/133 raw/octorl_r4/seed_137/failure_driven/stage_4/attempt_1/metrics_target_60.jsonl
47/133 raw/octorl_r4/seed_137/failure_driven/stage_5/attempt_1/metrics_target_70.jsonl
48/133 raw/octorl_r4/seed_137/failure_driven/stage_6/attempt_1/metrics_target_80.jsonl
49/133 raw/octorl_r4/seed_2718/failure_driven/stage_1/attempt_1/metrics_target_30.jsonl
50/133 raw/octorl_r4/seed_2718/failure_driven/stage_2/attempt_1/metrics_target_40.jsonl
51/133 raw/octorl_r4/seed_2718/failure_driven/stage_3/attempt_1/metrics_target_50.jsonl
52/133 raw/octorl_r4/seed_2718/failure_driven/stage_4/attempt_1/metrics_target_60.jsonl
53/133 raw/octorl_r4/seed_2718/failure_driven/stage_5/attempt_1/metrics_target_70.jsonl
54/133 raw/octorl_r4/seed_2718/failure_driven/stage_6/attempt_1/metrics_target_80.jsonl
55/133 raw/octorl_r4/seed_42/failure_driven/stage_1/attempt_1/training.log
56/133 raw/octorl_r4/seed_42/failure_driven/stage_2/attempt_1/training.log
57/133 raw/octorl_r4/seed_42/failure_driven/stage_3/attempt_1/training.log
58/133 raw/octorl_r4/seed_42/failure_driven/stage_4/attempt_1/training.log
59/133 raw/octorl_r4/seed_42/failure_driven/stage_5/attempt_1/training.log
60/133 raw/octorl_r4/seed_42/failure_driven/stage_6/attempt_1/training.log
61/133 raw/octorl_r4/seed_137/failure_driven/stage_1/attempt_1/training.log
62/133 raw/octorl_r4/seed_137/failure_driven/stage_2/attempt_1/training.log
63/133 raw/octorl_r4/seed_137/failure_driven/stage_3/attempt_1/training.log
64/133 raw/octorl_r4/seed_137/failure_driven/stage_4/attempt_1/training.log
65/133 raw/octorl_r4/seed_137/failure_driven/stage_5/attempt_1/training.log
66/133 raw/octorl_r4/seed_137/failure_driven/stage_6/attempt_1/training.log
67/133 raw/octorl_r4/seed_2718/failure_driven/stage_1/attempt_1/training.log
68/133 raw/octorl_r4/seed_2718/failure_driven/stage_2/attempt_1/training.log
69/133 raw/octorl_r4/seed_2718/failure_driven/stage_3/attempt_1/training.log
70/133 raw/octorl_r4/seed_2718/failure_driven/stage_4/attempt_1/training.log
71/133 raw/octorl_r4/seed_2718/failure_driven/stage_5/attempt_1/training.log
72/133 raw/octorl_r4/seed_2718/failure_driven/stage_6/attempt_1/training.log
73/133 raw/octorl_r4/seed_2718/warmup/metrics_target_20.jsonl
74/133 raw/octorl_r3c/seed_42_train.log
75/133 raw/octorl_r3c/seed_42_train_run4.log
76/133 raw/octorl_r3c/seed_42_train_run5.log
77/133 raw/octorl_r3c/seed_42_train_run5b.log
78/133 raw/octorl_r3c/seed_42_train_run6.log
79/133 raw/octorl_r3c/seed_42_train_run7.log
80/133 raw/octorl_r3c/seed_42_train_run8.log
81/133 raw/octorl_r3c/seed_137_train.log
82/133 raw/octorl_r3c/seed_137/metrics_target_100.jsonl
83/133 raw/octorl_r3c/seed_42/exit.txt
84/133 raw/octorl_r3c/seed_42/checkpoint_pruning.jsonl
85/133 raw/octorl_r3c/seed_137/checkpoint_pruning.jsonl
86/133 raw/octorl_r3c/seed_42/checkpoints/latest_checkpointed_iteration.txt
87/133 raw/octorl_r3c/seed_137/checkpoints/latest_checkpointed_iteration.txt
88/133 raw/octorl_r3c/seed_42/trajectories.jsonl
89/133 raw/octorl_r3c/seed_137/trajectories.jsonl
90/133 raw/octorl_r4/seed_42/fixed/stage_1/attempt_1/resume_view/lora_adapter/adapter_config.json
91/133 raw/octorl_r4/seed_42/fixed/stage_2/attempt_1/resume_view/lora_adapter/adapter_config.json
92/133 raw/octorl_r4/seed_42/fixed/stage_3/attempt_1/resume_view/lora_adapter/adapter_config.json
93/133 raw/octorl_r4/seed_42/fixed/stage_4/attempt_1/resume_view/lora_adapter/adapter_config.json
94/133 raw/octorl_r4/seed_42/fixed/stage_5/attempt_1/resume_view/lora_adapter/adapter_config.json
95/133 raw/octorl_r4/seed_42/fixed/stage_6/attempt_1/resume_view/lora_adapter/adapter_config.json
96/133 raw/octorl_r4/seed_137/fixed/stage_1/attempt_1/resume_view/lora_adapter/adapter_config.json
97/133 raw/octorl_r4/seed_137/fixed/stage_2/attempt_1/resume_view/lora_adapter/adapter_config.json
98/133 raw/octorl_r4/seed_137/fixed/stage_3/attempt_1/resume_view/lora_adapter/adapter_config.json
99/133 raw/octorl_r4/seed_137/fixed/stage_4/attempt_1/resume_view/lora_adapter/adapter_config.json
100/133 raw/octorl_r4/seed_137/fixed/stage_5/attempt_1/resume_view/lora_adapter/adapter_config.json
101/133 raw/octorl_r4/seed_137/fixed/stage_6/attempt_1/resume_view/lora_adapter/adapter_config.json
102/133 raw/octorl_r4/seed_2718/fixed/stage_1/attempt_1/resume_view/lora_adapter/adapter_config.json
103/133 raw/octorl_r4/seed_2718/fixed/stage_2/attempt_1/resume_view/lora_adapter/adapter_config.json
104/133 raw/octorl_r4/seed_2718/fixed/stage_3/attempt_1/resume_view/lora_adapter/adapter_config.json
105/133 raw/octorl_r4/seed_2718/fixed/stage_4/attempt_1/resume_view/lora_adapter/adapter_config.json
106/133 raw/octorl_r4/seed_2718/fixed/stage_5/attempt_1/resume_view/lora_adapter/adapter_config.json
107/133 raw/octorl_r4/seed_2718/fixed/stage_6/attempt_1/resume_view/lora_adapter/adapter_config.json
108/133 checkpoints/r4_fixed_42_u80/adapter_model.safetensors
109/133 checkpoints/r4_fixed_42_u80/adapter_config.json
110/133 checkpoints/r4_failure_driven_42_u80/adapter_model.safetensors
111/133 checkpoints/r4_failure_driven_42_u80/adapter_config.json
112/133 checkpoints/r4_fixed_137_u80/adapter_model.safetensors
113/133 checkpoints/r4_fixed_137_u80/adapter_config.json
114/133 checkpoints/r4_failure_driven_137_u80/adapter_model.safetensors
115/133 checkpoints/r4_failure_driven_137_u80/adapter_config.json
116/133 checkpoints/r4_fixed_2718_u80/adapter_model.safetensors
117/133 checkpoints/r4_fixed_2718_u80/adapter_config.json
118/133 checkpoints/r4_failure_driven_2718_u80/adapter_model.safetensors
119/133 checkpoints/r4_failure_driven_2718_u80/adapter_config.json
120/133 checkpoints/r3c_42_u20/adapter_model.safetensors
121/133 checkpoints/r3c_42_u20/adapter_config.json
122/133 checkpoints/r3c_42_u50/adapter_model.safetensors
123/133 checkpoints/r3c_42_u50/adapter_config.json
124/133 checkpoints/r3c_42_u80/adapter_model.safetensors
125/133 checkpoints/r3c_42_u80/adapter_config.json
126/133 checkpoints/r3c_137_u20/adapter_model.safetensors
127/133 checkpoints/r3c_137_u20/adapter_config.json
128/133 checkpoints/r3c_137_u50/adapter_model.safetensors
129/133 checkpoints/r3c_137_u50/adapter_config.json
130/133 checkpoints/r3c_137_u80/adapter_model.safetensors
131/133 checkpoints/r3c_137_u80/adapter_config.json
132/133 checkpoints/r4_warmup_2718_u20/adapter_model.safetensors
133/133 checkpoints/r4_warmup_2718_u20/adapter_config.json
